// Jest Snapshot v1, https://goo.gl/fbAQLP

exports[`should be the same as the snapshot 1`] = `
<li
  className="sc-bwzfXH gLCbwA"
>
  <button
    checked={undefined}
    className="sc-htpNat lpjhKa"
    onClick={[Function]}
  />
  <span
    checked={undefined}
    className="sc-bdVaJa OSQPE"
  />
  <button
    className="sc-bxivhb exxNDu"
    onClick={[Function]}
  >
    X
  </button>
</li>
`;
